{
    "human chrX": {
        "content": [
            {
                "0": [
                    [
                        {
                            "id": "miso"
                        },
                        "miso_settings.txt:md5,3b7189e01ef27308ae982d6700781f12"
                    ]
                ],
                "1": [
                    "versions.yml:md5,3d4dba0aad17ebc9eeac9c4b5a4126a3"
                ],
                "miso_settings": [
                    [
                        {
                            "id": "miso"
                        },
                        "miso_settings.txt:md5,3b7189e01ef27308ae982d6700781f12"
                    ]
                ],
                "versions_python": [
                    "versions.yml:md5,3d4dba0aad17ebc9eeac9c4b5a4126a3"
                ]
            }
        ],
        "timestamp": "2026-10-08T10:51:44.798507263",
        "meta": {
            "nf-test": "0.9.5",
            "nextflow": "26.04.4"
        }
    },
    "human chrX - stub": {
        "content": [
            {
                "miso_settings": [
                    [
                        {
                            "id": "miso"
                        },
                        "miso_settings.txt:md5,d41d8cd98f00b204e9800998ecf8427e"
                    ]
                ],
                "versions_python": [
                    "versions.yml:md5,9a19baa339ceb109faa3f25f7cb6759d"
                ]
            }
        ],
        "timestamp": "2026-10-08T10:52:02.811390485",
        "meta": {
            "nf-test": "0.9.5",
            "nextflow": "26.04.4"
        }
    }
}