{
    "-profile test_dexseq_gff": {
        "content": [
            {
                "DEXSEQ_COUNT": {
                    "htseq": "2.1.2"
                },
                "DEXSEQ_EXON": {
                    "bioconductor-dexseq": "1.56.0",
                    "r-base": "4.5.3"
                },
                "FASTQC": {
                    "fastqc": "0.12.1"
                },
                "GFFREAD_TX2GENE": {
                    "gffread": "0.12.7"
                },
                "GTFGENEFILTER": {
                    "python": "3.14.6"
                },
                "GUNZIP_FASTA": {
                    "gunzip": 1.13
                },
                "GUNZIP_GFF_DEXSEQ": {
                    "gunzip": 1.13
                },
                "MAKE_TRANSCRIPTS_FASTA": {
                    "rsem": "1.3.1",
                    "star": "2.7.10a"
                },
                "SALMON_INDEX": {
                    "salmon": "1.10.3"
                },
                "SALMON_QUANT_SALMON": {
                    "salmon": "1.10.3"
                },
                "SALMON_QUANT_STAR": {
                    "salmon": "1.10.3"
                },
                "SAMTOOLS_FAIDX": {
                    "samtools": 1.24
                },
                "SAMTOOLS_FLAGSTAT": {
                    "samtools": 1.24
                },
                "SAMTOOLS_IDXSTATS": {
                    "samtools": 1.24
                },
                "SAMTOOLS_INDEX": {
                    "samtools": 1.24
                },
                "SAMTOOLS_SORT": {
                    "samtools": 1.24
                },
                "SAMTOOLS_STATS": {
                    "samtools": 1.24
                },
                "STAR_ALIGN": {
                    "gawk": "5.1.0",
                    "samtools": 1.21,
                    "star": "2.7.11b"
                },
                "STAR_GENOMEGENERATE": {
                    "gawk": "5.1.0",
                    "samtools": 1.21,
                    "star": "2.7.11b"
                },
                "TRIMGALORE": {
                    "trimgalore": "2.3.0"
                },
                "TXIMPORT": {
                    "bioconductor-tximeta": "1.28.2",
                    "bioconductor-tximport": "1.38.2"
                },
                "Workflow": {
                    "nf-core/rnasplice": "v1.1.0dev"
                }
            },
            [
                "fastqc",
                "fastqc/ERR188383_1_fastqc.html",
                "fastqc/ERR188383_1_fastqc.zip",
                "fastqc/ERR188383_2_fastqc.html",
                "fastqc/ERR188383_2_fastqc.zip",
                "fastqc/ERR188428_1_fastqc.html",
                "fastqc/ERR188428_1_fastqc.zip",
                "fastqc/ERR188428_2_fastqc.html",
                "fastqc/ERR188428_2_fastqc.zip",
                "fastqc/ERR188454_1_fastqc.html",
                "fastqc/ERR188454_1_fastqc.zip",
                "fastqc/ERR188454_2_fastqc.html",
                "fastqc/ERR188454_2_fastqc.zip",
                "fastqc/ERR204916_1_fastqc.html",
                "fastqc/ERR204916_1_fastqc.zip",
                "fastqc/ERR204916_2_fastqc.html",
                "fastqc/ERR204916_2_fastqc.zip",
                "genome",
                "genome/index",
                "multiqc",
                "multiqc/multiqc_data",
                "multiqc/multiqc_data/fastqc-status-check-heatmap.txt",
                "multiqc/multiqc_data/fastqc_adapter_content_plot.txt",
                "multiqc/multiqc_data/fastqc_overrepresented_sequences_plot.txt",
                "multiqc/multiqc_data/fastqc_per_base_n_content_plot.txt",
                "multiqc/multiqc_data/fastqc_per_base_sequence_quality_plot.txt",
                "multiqc/multiqc_data/fastqc_per_sequence_gc_content_plot_Counts.txt",
                "multiqc/multiqc_data/fastqc_per_sequence_gc_content_plot_Percentages.txt",
                "multiqc/multiqc_data/fastqc_per_sequence_quality_scores_plot.txt",
                "multiqc/multiqc_data/fastqc_sequence_counts_plot.txt",
                "multiqc/multiqc_data/fastqc_sequence_duplication_levels_plot.txt",
                "multiqc/multiqc_data/fastqc_sequence_length_distribution_plot.txt",
                "multiqc/multiqc_data/fastqc_top_overrepresented_sequences_table.txt",
                "multiqc/multiqc_data/llms-full.txt",
                "multiqc/multiqc_data/multiqc.log",
                "multiqc/multiqc_data/multiqc.parquet",
                "multiqc/multiqc_data/multiqc_citations.txt",
                "multiqc/multiqc_data/multiqc_data.json",
                "multiqc/multiqc_data/multiqc_fastqc.txt",
                "multiqc/multiqc_data/multiqc_general_stats.txt",
                "multiqc/multiqc_data/multiqc_salmon.txt",
                "multiqc/multiqc_data/multiqc_samtools_flagstat.txt",
                "multiqc/multiqc_data/multiqc_samtools_idxstats.txt",
                "multiqc/multiqc_data/multiqc_samtools_stats.txt",
                "multiqc/multiqc_data/multiqc_software_versions.txt",
                "multiqc/multiqc_data/multiqc_sources.txt",
                "multiqc/multiqc_data/multiqc_star.txt",
                "multiqc/multiqc_data/salmon_plot.txt",
                "multiqc/multiqc_data/samtools-flagstat-pct-table.txt",
                "multiqc/multiqc_data/samtools-flagstat-table.txt",
                "multiqc/multiqc_data/samtools-idxstats-mapped-reads-plot_Normalised_Counts.txt",
                "multiqc/multiqc_data/samtools-idxstats-mapped-reads-plot_Observed_over_Expected_Counts.txt",
                "multiqc/multiqc_data/samtools-idxstats-mapped-reads-plot_Raw_Counts.txt",
                "multiqc/multiqc_data/samtools-stats-dp.txt",
                "multiqc/multiqc_data/samtools_alignment_plot.txt",
                "multiqc/multiqc_data/samtools_insert_size.txt",
                "multiqc/multiqc_data/star_alignment_plot.txt",
                "multiqc/multiqc_data/star_summary_table.txt",
                "multiqc/multiqc_plots",
                "multiqc/multiqc_plots/pdf",
                "multiqc/multiqc_plots/pdf/fastqc-status-check-heatmap.pdf",
                "multiqc/multiqc_plots/pdf/fastqc_adapter_content_plot.pdf",
                "multiqc/multiqc_plots/pdf/fastqc_overrepresented_sequences_plot.pdf",
                "multiqc/multiqc_plots/pdf/fastqc_per_base_n_content_plot.pdf",
                "multiqc/multiqc_plots/pdf/fastqc_per_base_sequence_quality_plot.pdf",
                "multiqc/multiqc_plots/pdf/fastqc_per_sequence_gc_content_plot_Counts.pdf",
                "multiqc/multiqc_plots/pdf/fastqc_per_sequence_gc_content_plot_Percentages.pdf",
                "multiqc/multiqc_plots/pdf/fastqc_per_sequence_quality_scores_plot.pdf",
                "multiqc/multiqc_plots/pdf/fastqc_sequence_counts_plot-cnt.pdf",
                "multiqc/multiqc_plots/pdf/fastqc_sequence_counts_plot-pct.pdf",
                "multiqc/multiqc_plots/pdf/fastqc_sequence_duplication_levels_plot.pdf",
                "multiqc/multiqc_plots/pdf/fastqc_sequence_length_distribution_plot.pdf",
                "multiqc/multiqc_plots/pdf/fastqc_top_overrepresented_sequences_table.pdf",
                "multiqc/multiqc_plots/pdf/salmon_plot.pdf",
                "multiqc/multiqc_plots/pdf/samtools-flagstat-pct-table.pdf",
                "multiqc/multiqc_plots/pdf/samtools-flagstat-table.pdf",
                "multiqc/multiqc_plots/pdf/samtools-idxstats-mapped-reads-plot_Normalised_Counts-cnt.pdf",
                "multiqc/multiqc_plots/pdf/samtools-idxstats-mapped-reads-plot_Normalised_Counts-log.pdf",
                "multiqc/multiqc_plots/pdf/samtools-idxstats-mapped-reads-plot_Observed_over_Expected_Counts-cnt.pdf",
                "multiqc/multiqc_plots/pdf/samtools-idxstats-mapped-reads-plot_Observed_over_Expected_Counts-log.pdf",
                "multiqc/multiqc_plots/pdf/samtools-idxstats-mapped-reads-plot_Raw_Counts-cnt.pdf",
                "multiqc/multiqc_plots/pdf/samtools-idxstats-mapped-reads-plot_Raw_Counts-log.pdf",
                "multiqc/multiqc_plots/pdf/samtools-stats-dp.pdf",
                "multiqc/multiqc_plots/pdf/samtools_alignment_plot-cnt.pdf",
                "multiqc/multiqc_plots/pdf/samtools_alignment_plot-pct.pdf",
                "multiqc/multiqc_plots/pdf/samtools_insert_size.pdf",
                "multiqc/multiqc_plots/pdf/star_alignment_plot-cnt.pdf",
                "multiqc/multiqc_plots/pdf/star_alignment_plot-pct.pdf",
                "multiqc/multiqc_plots/pdf/star_summary_table.pdf",
                "multiqc/multiqc_plots/png",
                "multiqc/multiqc_plots/png/fastqc-status-check-heatmap.png",
                "multiqc/multiqc_plots/png/fastqc_adapter_content_plot.png",
                "multiqc/multiqc_plots/png/fastqc_overrepresented_sequences_plot.png",
                "multiqc/multiqc_plots/png/fastqc_per_base_n_content_plot.png",
                "multiqc/multiqc_plots/png/fastqc_per_base_sequence_quality_plot.png",
                "multiqc/multiqc_plots/png/fastqc_per_sequence_gc_content_plot_Counts.png",
                "multiqc/multiqc_plots/png/fastqc_per_sequence_gc_content_plot_Percentages.png",
                "multiqc/multiqc_plots/png/fastqc_per_sequence_quality_scores_plot.png",
                "multiqc/multiqc_plots/png/fastqc_sequence_counts_plot-cnt.png",
                "multiqc/multiqc_plots/png/fastqc_sequence_counts_plot-pct.png",
                "multiqc/multiqc_plots/png/fastqc_sequence_duplication_levels_plot.png",
                "multiqc/multiqc_plots/png/fastqc_sequence_length_distribution_plot.png",
                "multiqc/multiqc_plots/png/fastqc_top_overrepresented_sequences_table.png",
                "multiqc/multiqc_plots/png/salmon_plot.png",
                "multiqc/multiqc_plots/png/samtools-flagstat-pct-table.png",
                "multiqc/multiqc_plots/png/samtools-flagstat-table.png",
                "multiqc/multiqc_plots/png/samtools-idxstats-mapped-reads-plot_Normalised_Counts-cnt.png",
                "multiqc/multiqc_plots/png/samtools-idxstats-mapped-reads-plot_Normalised_Counts-log.png",
                "multiqc/multiqc_plots/png/samtools-idxstats-mapped-reads-plot_Observed_over_Expected_Counts-cnt.png",
                "multiqc/multiqc_plots/png/samtools-idxstats-mapped-reads-plot_Observed_over_Expected_Counts-log.png",
                "multiqc/multiqc_plots/png/samtools-idxstats-mapped-reads-plot_Raw_Counts-cnt.png",
                "multiqc/multiqc_plots/png/samtools-idxstats-mapped-reads-plot_Raw_Counts-log.png",
                "multiqc/multiqc_plots/png/samtools-stats-dp.png",
                "multiqc/multiqc_plots/png/samtools_alignment_plot-cnt.png",
                "multiqc/multiqc_plots/png/samtools_alignment_plot-pct.png",
                "multiqc/multiqc_plots/png/samtools_insert_size.png",
                "multiqc/multiqc_plots/png/star_alignment_plot-cnt.png",
                "multiqc/multiqc_plots/png/star_alignment_plot-pct.png",
                "multiqc/multiqc_plots/png/star_summary_table.png",
                "multiqc/multiqc_plots/svg",
                "multiqc/multiqc_plots/svg/fastqc-status-check-heatmap.svg",
                "multiqc/multiqc_plots/svg/fastqc_adapter_content_plot.svg",
                "multiqc/multiqc_plots/svg/fastqc_overrepresented_sequences_plot.svg",
                "multiqc/multiqc_plots/svg/fastqc_per_base_n_content_plot.svg",
                "multiqc/multiqc_plots/svg/fastqc_per_base_sequence_quality_plot.svg",
                "multiqc/multiqc_plots/svg/fastqc_per_sequence_gc_content_plot_Counts.svg",
                "multiqc/multiqc_plots/svg/fastqc_per_sequence_gc_content_plot_Percentages.svg",
                "multiqc/multiqc_plots/svg/fastqc_per_sequence_quality_scores_plot.svg",
                "multiqc/multiqc_plots/svg/fastqc_sequence_counts_plot-cnt.svg",
                "multiqc/multiqc_plots/svg/fastqc_sequence_counts_plot-pct.svg",
                "multiqc/multiqc_plots/svg/fastqc_sequence_duplication_levels_plot.svg",
                "multiqc/multiqc_plots/svg/fastqc_sequence_length_distribution_plot.svg",
                "multiqc/multiqc_plots/svg/fastqc_top_overrepresented_sequences_table.svg",
                "multiqc/multiqc_plots/svg/salmon_plot.svg",
                "multiqc/multiqc_plots/svg/samtools-flagstat-pct-table.svg",
                "multiqc/multiqc_plots/svg/samtools-flagstat-table.svg",
                "multiqc/multiqc_plots/svg/samtools-idxstats-mapped-reads-plot_Normalised_Counts-cnt.svg",
                "multiqc/multiqc_plots/svg/samtools-idxstats-mapped-reads-plot_Normalised_Counts-log.svg",
                "multiqc/multiqc_plots/svg/samtools-idxstats-mapped-reads-plot_Observed_over_Expected_Counts-cnt.svg",
                "multiqc/multiqc_plots/svg/samtools-idxstats-mapped-reads-plot_Observed_over_Expected_Counts-log.svg",
                "multiqc/multiqc_plots/svg/samtools-idxstats-mapped-reads-plot_Raw_Counts-cnt.svg",
                "multiqc/multiqc_plots/svg/samtools-idxstats-mapped-reads-plot_Raw_Counts-log.svg",
                "multiqc/multiqc_plots/svg/samtools-stats-dp.svg",
                "multiqc/multiqc_plots/svg/samtools_alignment_plot-cnt.svg",
                "multiqc/multiqc_plots/svg/samtools_alignment_plot-pct.svg",
                "multiqc/multiqc_plots/svg/samtools_insert_size.svg",
                "multiqc/multiqc_plots/svg/star_alignment_plot-cnt.svg",
                "multiqc/multiqc_plots/svg/star_alignment_plot-pct.svg",
                "multiqc/multiqc_plots/svg/star_summary_table.svg",
                "multiqc/multiqc_report.html",
                "pipeline_info",
                "pipeline_info/nf_core_rnasplice_software_mqc_versions.yml",
                "salmon",
                "salmon/ERR188383",
                "salmon/ERR188383/aux_info",
                "salmon/ERR188383/aux_info/ambig_info.tsv",
                "salmon/ERR188383/aux_info/expected_bias.gz",
                "salmon/ERR188383/aux_info/fld.gz",
                "salmon/ERR188383/aux_info/meta_info.json",
                "salmon/ERR188383/aux_info/observed_bias.gz",
                "salmon/ERR188383/aux_info/observed_bias_3p.gz",
                "salmon/ERR188383/cmd_info.json",
                "salmon/ERR188383/libParams",
                "salmon/ERR188383/libParams/flenDist.txt",
                "salmon/ERR188383/lib_format_counts.json",
                "salmon/ERR188383/logs",
                "salmon/ERR188383/logs/salmon_quant.log",
                "salmon/ERR188383/quant.genes.sf",
                "salmon/ERR188383/quant.sf",
                "salmon/ERR188383_lib_format_counts.json",
                "salmon/ERR188383_meta_info.json",
                "salmon/ERR188428",
                "salmon/ERR188428/aux_info",
                "salmon/ERR188428/aux_info/ambig_info.tsv",
                "salmon/ERR188428/aux_info/expected_bias.gz",
                "salmon/ERR188428/aux_info/fld.gz",
                "salmon/ERR188428/aux_info/meta_info.json",
                "salmon/ERR188428/aux_info/observed_bias.gz",
                "salmon/ERR188428/aux_info/observed_bias_3p.gz",
                "salmon/ERR188428/cmd_info.json",
                "salmon/ERR188428/libParams",
                "salmon/ERR188428/libParams/flenDist.txt",
                "salmon/ERR188428/lib_format_counts.json",
                "salmon/ERR188428/logs",
                "salmon/ERR188428/logs/salmon_quant.log",
                "salmon/ERR188428/quant.genes.sf",
                "salmon/ERR188428/quant.sf",
                "salmon/ERR188428_lib_format_counts.json",
                "salmon/ERR188428_meta_info.json",
                "salmon/ERR188454",
                "salmon/ERR188454/aux_info",
                "salmon/ERR188454/aux_info/ambig_info.tsv",
                "salmon/ERR188454/aux_info/expected_bias.gz",
                "salmon/ERR188454/aux_info/fld.gz",
                "salmon/ERR188454/aux_info/meta_info.json",
                "salmon/ERR188454/aux_info/observed_bias.gz",
                "salmon/ERR188454/aux_info/observed_bias_3p.gz",
                "salmon/ERR188454/cmd_info.json",
                "salmon/ERR188454/libParams",
                "salmon/ERR188454/libParams/flenDist.txt",
                "salmon/ERR188454/lib_format_counts.json",
                "salmon/ERR188454/logs",
                "salmon/ERR188454/logs/salmon_quant.log",
                "salmon/ERR188454/quant.genes.sf",
                "salmon/ERR188454/quant.sf",
                "salmon/ERR188454_lib_format_counts.json",
                "salmon/ERR188454_meta_info.json",
                "salmon/ERR204916",
                "salmon/ERR204916/aux_info",
                "salmon/ERR204916/aux_info/ambig_info.tsv",
                "salmon/ERR204916/aux_info/expected_bias.gz",
                "salmon/ERR204916/aux_info/fld.gz",
                "salmon/ERR204916/aux_info/meta_info.json",
                "salmon/ERR204916/aux_info/observed_bias.gz",
                "salmon/ERR204916/aux_info/observed_bias_3p.gz",
                "salmon/ERR204916/cmd_info.json",
                "salmon/ERR204916/libParams",
                "salmon/ERR204916/libParams/flenDist.txt",
                "salmon/ERR204916/lib_format_counts.json",
                "salmon/ERR204916/logs",
                "salmon/ERR204916/logs/salmon_quant.log",
                "salmon/ERR204916/quant.genes.sf",
                "salmon/ERR204916/quant.sf",
                "salmon/ERR204916_lib_format_counts.json",
                "salmon/ERR204916_meta_info.json",
                "salmon/tximport",
                "salmon/tximport/salmon.merged.gene_counts.tsv",
                "salmon/tximport/salmon.merged.gene_counts_length_scaled.tsv",
                "salmon/tximport/salmon.merged.gene_counts_scaled.tsv",
                "salmon/tximport/salmon.merged.gene_tpm.tsv",
                "salmon/tximport/salmon.merged.gene_tpm_length_scaled.tsv",
                "salmon/tximport/salmon.merged.gene_tpm_scaled.tsv",
                "salmon/tximport/salmon.merged.gi.ls.rds",
                "salmon/tximport/salmon.merged.gi.rds",
                "salmon/tximport/salmon.merged.gi.s.rds",
                "salmon/tximport/salmon.merged.transcript_counts.tsv",
                "salmon/tximport/salmon.merged.transcript_counts_dtu_scaled.tsv",
                "salmon/tximport/salmon.merged.transcript_counts_length_scaled.tsv",
                "salmon/tximport/salmon.merged.transcript_counts_scaled.tsv",
                "salmon/tximport/salmon.merged.transcript_tpm.tsv",
                "salmon/tximport/salmon.merged.transcript_tpm_dtu_scaled.tsv",
                "salmon/tximport/salmon.merged.transcript_tpm_length_scaled.tsv",
                "salmon/tximport/salmon.merged.transcript_tpm_scaled.tsv",
                "salmon/tximport/salmon.merged.txi.dtu.rds",
                "salmon/tximport/salmon.merged.txi.ls.rds",
                "salmon/tximport/salmon.merged.txi.rds",
                "salmon/tximport/salmon.merged.txi.s.rds",
                "salmon/tximport/suppa_tpm.txt",
                "salmon/tximport/tximport.tx2gene.tsv",
                "star_salmon",
                "star_salmon/ERR188383_sorted.bam",
                "star_salmon/ERR188383_sorted.bam.bai",
                "star_salmon/ERR188428_sorted.bam",
                "star_salmon/ERR188428_sorted.bam.bai",
                "star_salmon/ERR188454_sorted.bam",
                "star_salmon/ERR188454_sorted.bam.bai",
                "star_salmon/ERR204916_sorted.bam",
                "star_salmon/ERR204916_sorted.bam.bai",
                "star_salmon/dexseq_exon",
                "star_salmon/dexseq_exon/counts",
                "star_salmon/dexseq_exon/counts/ERR188383.clean.count.txt",
                "star_salmon/dexseq_exon/counts/ERR188428.clean.count.txt",
                "star_salmon/dexseq_exon/counts/ERR188454.clean.count.txt",
                "star_salmon/dexseq_exon/counts/ERR204916.clean.count.txt",
                "star_salmon/dexseq_exon/results",
                "star_salmon/dexseq_exon/results/DEXSeqDataSet.GBR-YRI.rds",
                "star_salmon/dexseq_exon/results/DEXSeqDataSet.YRI-GBR.rds",
                "star_salmon/dexseq_exon/results/DEXSeqResults.GBR-YRI.csv",
                "star_salmon/dexseq_exon/results/DEXSeqResults.GBR-YRI.rds",
                "star_salmon/dexseq_exon/results/DEXSeqResults.YRI-GBR.csv",
                "star_salmon/dexseq_exon/results/DEXSeqResults.YRI-GBR.rds",
                "star_salmon/dexseq_exon/results/perGeneQValue.GBR-YRI.csv",
                "star_salmon/dexseq_exon/results/perGeneQValue.GBR-YRI.rds",
                "star_salmon/dexseq_exon/results/perGeneQValue.YRI-GBR.csv",
                "star_salmon/dexseq_exon/results/perGeneQValue.YRI-GBR.rds",
                "star_salmon/dexseq_exon/results/plotDEXSeq.GBR-YRI.pdf",
                "star_salmon/dexseq_exon/results/plotDEXSeq.YRI-GBR.pdf",
                "star_salmon/log",
                "star_salmon/log/ERR188383.Log.final.out",
                "star_salmon/log/ERR188383.Log.out",
                "star_salmon/log/ERR188383.Log.progress.out",
                "star_salmon/log/ERR188383.SJ.out.tab",
                "star_salmon/log/ERR188428.Log.final.out",
                "star_salmon/log/ERR188428.Log.out",
                "star_salmon/log/ERR188428.Log.progress.out",
                "star_salmon/log/ERR188428.SJ.out.tab",
                "star_salmon/log/ERR188454.Log.final.out",
                "star_salmon/log/ERR188454.Log.out",
                "star_salmon/log/ERR188454.Log.progress.out",
                "star_salmon/log/ERR188454.SJ.out.tab",
                "star_salmon/log/ERR204916.Log.final.out",
                "star_salmon/log/ERR204916.Log.out",
                "star_salmon/log/ERR204916.Log.progress.out",
                "star_salmon/log/ERR204916.SJ.out.tab",
                "star_salmon/salmon",
                "star_salmon/salmon/ERR188383",
                "star_salmon/salmon/ERR188383/aux_info",
                "star_salmon/salmon/ERR188383/aux_info/ambig_info.tsv",
                "star_salmon/salmon/ERR188383/aux_info/expected_bias.gz",
                "star_salmon/salmon/ERR188383/aux_info/fld.gz",
                "star_salmon/salmon/ERR188383/aux_info/meta_info.json",
                "star_salmon/salmon/ERR188383/aux_info/observed_bias.gz",
                "star_salmon/salmon/ERR188383/aux_info/observed_bias_3p.gz",
                "star_salmon/salmon/ERR188383/cmd_info.json",
                "star_salmon/salmon/ERR188383/libParams",
                "star_salmon/salmon/ERR188383/libParams/flenDist.txt",
                "star_salmon/salmon/ERR188383/logs",
                "star_salmon/salmon/ERR188383/logs/salmon_quant.log",
                "star_salmon/salmon/ERR188383/quant.genes.sf",
                "star_salmon/salmon/ERR188383/quant.sf",
                "star_salmon/salmon/ERR188383_meta_info.json",
                "star_salmon/salmon/ERR188428",
                "star_salmon/salmon/ERR188428/aux_info",
                "star_salmon/salmon/ERR188428/aux_info/ambig_info.tsv",
                "star_salmon/salmon/ERR188428/aux_info/expected_bias.gz",
                "star_salmon/salmon/ERR188428/aux_info/fld.gz",
                "star_salmon/salmon/ERR188428/aux_info/meta_info.json",
                "star_salmon/salmon/ERR188428/aux_info/observed_bias.gz",
                "star_salmon/salmon/ERR188428/aux_info/observed_bias_3p.gz",
                "star_salmon/salmon/ERR188428/cmd_info.json",
                "star_salmon/salmon/ERR188428/libParams",
                "star_salmon/salmon/ERR188428/libParams/flenDist.txt",
                "star_salmon/salmon/ERR188428/logs",
                "star_salmon/salmon/ERR188428/logs/salmon_quant.log",
                "star_salmon/salmon/ERR188428/quant.genes.sf",
                "star_salmon/salmon/ERR188428/quant.sf",
                "star_salmon/salmon/ERR188428_meta_info.json",
                "star_salmon/salmon/ERR188454",
                "star_salmon/salmon/ERR188454/aux_info",
                "star_salmon/salmon/ERR188454/aux_info/ambig_info.tsv",
                "star_salmon/salmon/ERR188454/aux_info/expected_bias.gz",
                "star_salmon/salmon/ERR188454/aux_info/fld.gz",
                "star_salmon/salmon/ERR188454/aux_info/meta_info.json",
                "star_salmon/salmon/ERR188454/aux_info/observed_bias.gz",
                "star_salmon/salmon/ERR188454/aux_info/observed_bias_3p.gz",
                "star_salmon/salmon/ERR188454/cmd_info.json",
                "star_salmon/salmon/ERR188454/libParams",
                "star_salmon/salmon/ERR188454/libParams/flenDist.txt",
                "star_salmon/salmon/ERR188454/logs",
                "star_salmon/salmon/ERR188454/logs/salmon_quant.log",
                "star_salmon/salmon/ERR188454/quant.genes.sf",
                "star_salmon/salmon/ERR188454/quant.sf",
                "star_salmon/salmon/ERR188454_meta_info.json",
                "star_salmon/salmon/ERR204916",
                "star_salmon/salmon/ERR204916/aux_info",
                "star_salmon/salmon/ERR204916/aux_info/ambig_info.tsv",
                "star_salmon/salmon/ERR204916/aux_info/expected_bias.gz",
                "star_salmon/salmon/ERR204916/aux_info/fld.gz",
                "star_salmon/salmon/ERR204916/aux_info/meta_info.json",
                "star_salmon/salmon/ERR204916/aux_info/observed_bias.gz",
                "star_salmon/salmon/ERR204916/aux_info/observed_bias_3p.gz",
                "star_salmon/salmon/ERR204916/cmd_info.json",
                "star_salmon/salmon/ERR204916/libParams",
                "star_salmon/salmon/ERR204916/libParams/flenDist.txt",
                "star_salmon/salmon/ERR204916/logs",
                "star_salmon/salmon/ERR204916/logs/salmon_quant.log",
                "star_salmon/salmon/ERR204916/quant.genes.sf",
                "star_salmon/salmon/ERR204916/quant.sf",
                "star_salmon/salmon/ERR204916_meta_info.json",
                "star_salmon/samtools_stats",
                "star_salmon/samtools_stats/ERR188383.flagstat",
                "star_salmon/samtools_stats/ERR188383.idxstats",
                "star_salmon/samtools_stats/ERR188383.stats",
                "star_salmon/samtools_stats/ERR188428.flagstat",
                "star_salmon/samtools_stats/ERR188428.idxstats",
                "star_salmon/samtools_stats/ERR188428.stats",
                "star_salmon/samtools_stats/ERR188454.flagstat",
                "star_salmon/samtools_stats/ERR188454.idxstats",
                "star_salmon/samtools_stats/ERR188454.stats",
                "star_salmon/samtools_stats/ERR204916.flagstat",
                "star_salmon/samtools_stats/ERR204916.idxstats",
                "star_salmon/samtools_stats/ERR204916.stats",
                "star_salmon/tximport",
                "star_salmon/tximport/salmon.merged.gene_counts.tsv",
                "star_salmon/tximport/salmon.merged.gene_counts_length_scaled.tsv",
                "star_salmon/tximport/salmon.merged.gene_counts_scaled.tsv",
                "star_salmon/tximport/salmon.merged.gene_tpm.tsv",
                "star_salmon/tximport/salmon.merged.gene_tpm_length_scaled.tsv",
                "star_salmon/tximport/salmon.merged.gene_tpm_scaled.tsv",
                "star_salmon/tximport/salmon.merged.gi.ls.rds",
                "star_salmon/tximport/salmon.merged.gi.rds",
                "star_salmon/tximport/salmon.merged.gi.s.rds",
                "star_salmon/tximport/salmon.merged.transcript_counts.tsv",
                "star_salmon/tximport/salmon.merged.transcript_counts_dtu_scaled.tsv",
                "star_salmon/tximport/salmon.merged.transcript_counts_length_scaled.tsv",
                "star_salmon/tximport/salmon.merged.transcript_counts_scaled.tsv",
                "star_salmon/tximport/salmon.merged.transcript_tpm.tsv",
                "star_salmon/tximport/salmon.merged.transcript_tpm_dtu_scaled.tsv",
                "star_salmon/tximport/salmon.merged.transcript_tpm_length_scaled.tsv",
                "star_salmon/tximport/salmon.merged.transcript_tpm_scaled.tsv",
                "star_salmon/tximport/salmon.merged.txi.dtu.rds",
                "star_salmon/tximport/salmon.merged.txi.ls.rds",
                "star_salmon/tximport/salmon.merged.txi.rds",
                "star_salmon/tximport/salmon.merged.txi.s.rds",
                "star_salmon/tximport/suppa_tpm.txt",
                "star_salmon/tximport/tximport.tx2gene.tsv",
                "star_salmon/unmapped",
                "trimgalore",
                "trimgalore/ERR188383_1.fastq.gz_trimming_report.txt",
                "trimgalore/ERR188383_2.fastq.gz_trimming_report.txt",
                "trimgalore/ERR188428_1.fastq.gz_trimming_report.txt",
                "trimgalore/ERR188428_2.fastq.gz_trimming_report.txt",
                "trimgalore/ERR188454_1.fastq.gz_trimming_report.txt",
                "trimgalore/ERR188454_2.fastq.gz_trimming_report.txt",
                "trimgalore/ERR204916_1.fastq.gz_trimming_report.txt",
                "trimgalore/ERR204916_2.fastq.gz_trimming_report.txt",
                "trimgalore/fastqc",
                "trimgalore/fastqc/ERR188383_1_val_1_fastqc.html",
                "trimgalore/fastqc/ERR188383_1_val_1_fastqc.zip",
                "trimgalore/fastqc/ERR188383_2_val_2_fastqc.html",
                "trimgalore/fastqc/ERR188383_2_val_2_fastqc.zip",
                "trimgalore/fastqc/ERR188428_1_val_1_fastqc.html",
                "trimgalore/fastqc/ERR188428_1_val_1_fastqc.zip",
                "trimgalore/fastqc/ERR188428_2_val_2_fastqc.html",
                "trimgalore/fastqc/ERR188428_2_val_2_fastqc.zip",
                "trimgalore/fastqc/ERR188454_1_val_1_fastqc.html",
                "trimgalore/fastqc/ERR188454_1_val_1_fastqc.zip",
                "trimgalore/fastqc/ERR188454_2_val_2_fastqc.html",
                "trimgalore/fastqc/ERR188454_2_val_2_fastqc.zip",
                "trimgalore/fastqc/ERR204916_1_val_1_fastqc.html",
                "trimgalore/fastqc/ERR204916_1_val_1_fastqc.zip",
                "trimgalore/fastqc/ERR204916_2_val_2_fastqc.html",
                "trimgalore/fastqc/ERR204916_2_val_2_fastqc.zip"
            ],
            [
                "ERR188383_sorted.bam:md5,a3872b6a06c5f20e9bed17425fc88e2a",
                "ERR188383_sorted.bam.bai:md5,cd4c0f701009fa44e0cd1425cf0dba9d",
                "ERR188428_sorted.bam:md5,229a8e669f9bc08d50a54b0010f1574b",
                "ERR188428_sorted.bam.bai:md5,3446449c9cdf339fa3c9da30bf5ce2a6",
                "ERR188454_sorted.bam:md5,d7fb933a35c0da1c93199e0a3cb13261",
                "ERR188454_sorted.bam.bai:md5,20ac8a390644b2acd20b3a660b7e33aa",
                "ERR204916_sorted.bam:md5,a52e2346c26659cfada1df93f0d6ee66",
                "ERR204916_sorted.bam.bai:md5,bd03d7b55b09290b91946a40beece0fe",
                "ERR188383.SJ.out.tab:md5,ed9af397969c9e49a6edb8c1128a1873",
                "ERR188428.SJ.out.tab:md5,82bd70953439dd81d0a034d7b548b775",
                "ERR188454.SJ.out.tab:md5,7d0a7e6cdf5b6651d279f5e03bd1da78",
                "ERR204916.SJ.out.tab:md5,84f7975c771761b6a3bcbd7c112875d9",
                "ERR188383.flagstat:md5,9f0901490aaf2a5e0936d9d16d525dbf",
                "ERR188383.idxstats:md5,ef2037aa31e732d1319a2f1427d6d7fc",
                "ERR188383.stats:md5,3301676be2aec6041d8e8a58d9ecd446",
                "ERR188428.flagstat:md5,5881d2497aa70f5d82c372e2784833e7",
                "ERR188428.idxstats:md5,c25a7448de4e4afc312518b28a5031d0",
                "ERR188428.stats:md5,1a3d25122243bc4d7ea724d38ef0414b",
                "ERR188454.flagstat:md5,91dd255b8ae47dd84d717a5e115512bd",
                "ERR188454.idxstats:md5,e0dab0008d8b60a8f5c0a11c75eae060",
                "ERR188454.stats:md5,a0258edf9206054a3fa73ccdf832b83e",
                "ERR204916.flagstat:md5,77bbb66e375c4f9083d4aab0d55ddcdd",
                "ERR204916.idxstats:md5,21ed2e992e836e620991e9a24078f1b6",
                "ERR204916.stats:md5,f7baf2a47782b99be101c252debc293c"
            ]
        ],
        "timestamp": "2026-09-07T18:02:29.878364466",
        "meta": {
            "nf-test": "0.9.5",
            "nextflow": "26.04.1"
        }
    }
}