{
    "strandless junctions - motif and annotation - stub": {
        "content": [
            [
                [
                    {
                        "id": "test"
                    },
                    "test.junc:md5,d41d8cd98f00b204e9800998ecf8427e"
                ]
            ],
            {
                "versions_python": [
                    "versions.yml:md5,90a1c7df54fca5bab0351c66cccd7903"
                ]
            }
        ],
        "timestamp": "2026-09-10T18:37:46.772946904",
        "meta": {
            "nf-test": "0.9.5",
            "nextflow": "26.04.4"
        }
    },
    "strandless junctions - motif and annotation": {
        "content": [
            [
                [
                    {
                        "id": "test"
                    },
                    "test.junc:md5,18794bdbab4e2bb1856fc8356512cd1a"
                ]
            ],
            {
                "versions_python": [
                    "versions.yml:md5,2a17c1a1ab7b58c95a0dbfa294988d14"
                ]
            }
        ],
        "timestamp": "2026-09-10T18:37:41.765060723",
        "meta": {
            "nf-test": "0.9.5",
            "nextflow": "26.04.4"
        }
    }
}