{
    "tpm - one condition": {
        "content": [
            [
                [
                    {
                        "id": "test_GBR",
                        "condition": "GBR"
                    },
                    "test_GBR.tpm:md5,94e541bfc849a527c2be98bd3dd36839"
                ]
            ],
            {
                "versions_r": [
                    [
                        "SPLIT_FILES",
                        "r-base",
                        "4.6.1"
                    ]
                ]
            }
        ],
        "timestamp": "2026-10-03T10:48:14.780759057",
        "meta": {
            "nf-test": "0.9.5",
            "nextflow": "26.04.1"
        }
    },
    "psi - one condition": {
        "content": [
            [
                [
                    {
                        "id": "test_YRI",
                        "condition": "YRI"
                    },
                    "test_YRI.psi:md5,2ff4d3445e70f027275534535c017109"
                ]
            ],
            {
                "versions_r": [
                    [
                        "SPLIT_FILES",
                        "r-base",
                        "4.6.1"
                    ]
                ]
            }
        ],
        "timestamp": "2026-10-03T10:48:20.154201918",
        "meta": {
            "nf-test": "0.9.5",
            "nextflow": "26.04.1"
        }
    },
    "psi - one condition - stub": {
        "content": [
            {
                "0": [
                    [
                        {
                            "id": "test_GBR",
                            "condition": "GBR"
                        },
                        "test_GBR.psi:md5,d41d8cd98f00b204e9800998ecf8427e"
                    ]
                ],
                "1": [
                    [
                        "SPLIT_FILES",
                        "r-base",
                        "4.6.1"
                    ]
                ],
                "split": [
                    [
                        {
                            "id": "test_GBR",
                            "condition": "GBR"
                        },
                        "test_GBR.psi:md5,d41d8cd98f00b204e9800998ecf8427e"
                    ]
                ],
                "versions_r": [
                    [
                        "SPLIT_FILES",
                        "r-base",
                        "4.6.1"
                    ]
                ]
            }
        ],
        "timestamp": "2026-10-03T10:48:29.881542909",
        "meta": {
            "nf-test": "0.9.5",
            "nextflow": "26.04.1"
        }
    }
}