{
    "human chrX": {
        "content": [
            [
                [
                    {
                        "id": "ERR188383",
                        "strandedness": "unstranded"
                    },
                    "ERR188383.junc:md5,96acfa76bce6b9ff02582298996e143b"
                ],
                [
                    {
                        "id": "ERR188428",
                        "strandedness": "unstranded"
                    },
                    "ERR188428.junc:md5,1efd29f5a1a4d719609429d530f5ea8b"
                ],
                [
                    {
                        "id": "ERR188454",
                        "strandedness": "unstranded"
                    },
                    "ERR188454.junc:md5,7688445ffa0f1c446acee80174c3f7f3"
                ],
                [
                    {
                        "id": "ERR204916",
                        "strandedness": "unstranded"
                    },
                    "ERR204916.junc:md5,a7cc95083e8bfbdfec3b49a49639f6d8"
                ]
            ],
            [
                [
                    {
                        "id": "lc"
                    },
                    [
                        "lc_perind.counts.gz:md5,563c8882e395c67d112a02a8de77de25",
                        "lc_perind_numers.counts.gz:md5,23cce1c06aef55ea6f3ca642288c66b5"
                    ]
                ]
            ],
            [
                [
                    {
                        "id": "lc"
                    },
                    "lc_perind_numers.counts.gz:md5,23cce1c06aef55ea6f3ca642288c66b5"
                ]
            ],
            [
                [
                    {
                        "id": "lc"
                    },
                    "lc_pooled:md5,d41d8cd98f00b204e9800998ecf8427e"
                ]
            ],
            [
                [
                    {
                        "id": "lc"
                    },
                    "lc_refined:md5,d41d8cd98f00b204e9800998ecf8427e"
                ]
            ],
            [
                [
                    {
                        "id": "lc"
                    },
                    "lc_sortedlibs:md5,de8c5c512e43f549f32762dd9faa6c5b"
                ]
            ]
        ],
        "timestamp": "2026-09-10T17:59:14.948981974",
        "meta": {
            "nf-test": "0.9.5",
            "nextflow": "26.04.4"
        }
    },
    "human chrX - reverse stranded": {
        "content": [
            [
                [
                    {
                        "id": "ERR188383",
                        "strandedness": "reverse"
                    },
                    "ERR188383.junc:md5,53ffd2f9f67f8ceddde8e538326b531e"
                ],
                [
                    {
                        "id": "ERR188428",
                        "strandedness": "reverse"
                    },
                    "ERR188428.junc:md5,f18b7276ef4f70b884a21247b6a74d84"
                ],
                [
                    {
                        "id": "ERR188454",
                        "strandedness": "reverse"
                    },
                    "ERR188454.junc:md5,901505e025d7aad1110a2dedc00aea97"
                ],
                [
                    {
                        "id": "ERR204916",
                        "strandedness": "reverse"
                    },
                    "ERR204916.junc:md5,4c22cb7692db8d9929e32ec0c71f544c"
                ]
            ],
            [
                [
                    {
                        "id": "lc"
                    },
                    [
                        "lc_perind.counts.gz:md5,d70f10c858f94447c424d9844e2265dd",
                        "lc_perind_numers.counts.gz:md5,4479d9da47f276b7372cab7ecba4254e"
                    ]
                ]
            ],
            [
                [
                    {
                        "id": "lc"
                    },
                    "lc_perind_numers.counts.gz:md5,4479d9da47f276b7372cab7ecba4254e"
                ]
            ],
            [
                [
                    {
                        "id": "lc"
                    },
                    "lc_pooled:md5,e85090a699ed9c70bf68ada4181b006d"
                ]
            ],
            [
                [
                    {
                        "id": "lc"
                    },
                    "lc_refined:md5,3a3dae564a7717968e660d07d9a4c013"
                ]
            ],
            [
                [
                    {
                        "id": "lc"
                    },
                    "lc_sortedlibs:md5,de8c5c512e43f549f32762dd9faa6c5b"
                ]
            ]
        ],
        "timestamp": "2026-09-10T17:58:43.123303854",
        "meta": {
            "nf-test": "0.9.5",
            "nextflow": "26.04.4"
        }
    },
    "human chrX - stub": {
        "content": [
            [
                [
                    {
                        "id": "ERR188383",
                        "strandedness": "unstranded"
                    },
                    "ERR188383.junc:md5,d41d8cd98f00b204e9800998ecf8427e"
                ],
                [
                    {
                        "id": "ERR188428",
                        "strandedness": "unstranded"
                    },
                    "ERR188428.junc:md5,d41d8cd98f00b204e9800998ecf8427e"
                ]
            ],
            [
                [
                    {
                        "id": "lc"
                    },
                    [
                        "lc_perind.counts.gz:md5,68b329da9893e34099c7d8ad5cb9c940",
                        "lc_perind_numers.counts.gz:md5,68b329da9893e34099c7d8ad5cb9c940"
                    ]
                ]
            ],
            [
                [
                    {
                        "id": "lc"
                    },
                    "lc_perind_numers.counts.gz:md5,68b329da9893e34099c7d8ad5cb9c940"
                ]
            ],
            [
                [
                    {
                        "id": "lc"
                    },
                    "lc_pooled:md5,d41d8cd98f00b204e9800998ecf8427e"
                ]
            ],
            [
                [
                    {
                        "id": "lc"
                    },
                    "lc_refined:md5,d41d8cd98f00b204e9800998ecf8427e"
                ]
            ],
            [
                [
                    {
                        "id": "lc"
                    },
                    "lc_sortedlibs:md5,d41d8cd98f00b204e9800998ecf8427e"
                ]
            ]
        ],
        "timestamp": "2026-09-10T17:59:30.521766821",
        "meta": {
            "nf-test": "0.9.5",
            "nextflow": "26.04.4"
        }
    }
}