{
    "versions": {
        "content": [
            {
                "versions_fastqc": [
                    [
                        "FASTQC",
                        "fastqc",
                        "0.12.1"
                    ]
                ]
            }
        ],
        "timestamp": "2023-10-09T23:40:54+0000"
    }
}